// Jest Snapshot v1, https://goo.gl/fbAQLP

exports[`node api empty config passed 1`] = `"Please provide an input image, e.g. sqip({ input: \\"input.jpg\\" })"`;

exports[`node api invalid input path 1`] = `
"Unable to find any files via /this/file/does/not/exist.jpg. Make sure the file exists.

If you are using globbing patterns, the following features are supported:

https://github.com/micromatch/micromatch#matching-features"
`;

exports[`node api no config passed 1`] = `"Please provide an input image, e.g. sqip({ input: \\"input.jpg\\" })"`;

exports[`node api output outputs to file path 1`] = `
Object {
  "content": Object {
    "data": Array [
      60,
      115,
      118,
      103,
      32,
      120,
      109,
      108,
      110,
      115,
      61,
      34,
      104,
      116,
      116,
      112,
      58,
      47,
      47,
      119,
      119,
      119,
      46,
      119,
      51,
      46,
      111,
      114,
      103,
      47,
      50,
      48,
      48,
      48,
      47,
      115,
      118,
      103,
      34,
      32,
      118,
      105,
      101,
      119,
      66,
      111,
      120,
      61,
      34,
      48,
      32,
      48,
      32,
      49,
      48,
      48,
      32,
      49,
      48,
      48,
      34,
      62,
      60,
      99,
      105,
      114,
      99,
      108,
      101,
      32,
      99,
      120,
      61,
      34,
      53,
      48,
      34,
      32,
      99,
      121,
      61,
      34,
      53,
      48,
      34,
      32,
      114,
      61,
      34,
      52,
      48,
      34,
      32,
      102,
      105,
      108,
      108,
      61,
      34,
      114,
      101,
      100,
      34,
      32,
      115,
      116,
      114,
      111,
      107,
      101,
      61,
      34,
      35,
      48,
      48,
      48,
      34,
      32,
      115,
      116,
      114,
      111,
      107,
      101,
      45,
      119,
      105,
      100,
      116,
      104,
      61,
      34,
      51,
      34,
      47,
      62,
      60,
      47,
      115,
      118,
      103,
      62,
    ],
    "type": "Buffer",
  },
  "metadata": Object {
    "dataURI": "data:image/svg+xml,dataURI",
    "dataURIBase64": "data:image/svg+xml;base64,dataURIBase64==",
    "height": 188,
    "originalHeight": 640,
    "originalWidth": 1024,
    "palette": "mocked",
    "width": 300,
  },
}
`;

exports[`node api resolves valid input path 1`] = `
Object {
  "content": Object {
    "data": Array [
      60,
      115,
      118,
      103,
      32,
      120,
      109,
      108,
      110,
      115,
      61,
      34,
      104,
      116,
      116,
      112,
      58,
      47,
      47,
      119,
      119,
      119,
      46,
      119,
      51,
      46,
      111,
      114,
      103,
      47,
      50,
      48,
      48,
      48,
      47,
      115,
      118,
      103,
      34,
      32,
      118,
      105,
      101,
      119,
      66,
      111,
      120,
      61,
      34,
      48,
      32,
      48,
      32,
      49,
      48,
      48,
      32,
      49,
      48,
      48,
      34,
      62,
      60,
      99,
      105,
      114,
      99,
      108,
      101,
      32,
      99,
      120,
      61,
      34,
      53,
      48,
      34,
      32,
      99,
      121,
      61,
      34,
      53,
      48,
      34,
      32,
      114,
      61,
      34,
      52,
      48,
      34,
      32,
      102,
      105,
      108,
      108,
      61,
      34,
      114,
      101,
      100,
      34,
      32,
      115,
      116,
      114,
      111,
      107,
      101,
      61,
      34,
      35,
      48,
      48,
      48,
      34,
      32,
      115,
      116,
      114,
      111,
      107,
      101,
      45,
      119,
      105,
      100,
      116,
      104,
      61,
      34,
      51,
      34,
      47,
      62,
      60,
      47,
      115,
      118,
      103,
      62,
    ],
    "type": "Buffer",
  },
  "metadata": Object {
    "dataURI": "data:image/svg+xml,dataURI",
    "dataURIBase64": "data:image/svg+xml;base64,dataURIBase64==",
    "height": 188,
    "originalHeight": 640,
    "originalWidth": 1024,
    "palette": "mocked",
    "width": 300,
  },
}
`;

exports[`node api throws nicely when plugin not found 1`] = `
"Unable to load plugin \\"sqip-plugin-i-dont-exist\\". Try installing it via:

 npm install sqip-plugin-i-dont-exist"
`;
