// Jest Snapshot v1, https://goo.gl/fbAQLP

exports[`runSVGO 1`] = `
Array [
  "<svg />",
  Object {
    "floatPrecision": 1,
    "multipass": true,
    "plugins": Array [
      "preset-default",
      "cleanupListOfValues",
      "convertStyleToAttrs",
      "prefixIds",
      "removeDimensions",
      "removeOffCanvasPaths",
      "removeRasterImages",
      "removeScriptElement",
      "removeStyleElement",
      "reusePaths",
      "sortAttrs",
    ],
  },
]
`;
